// Jest Snapshot v1, https://goo.gl/fbAQLP

exports[`param.js - {"trailingComma":"all"} format 1`] = `
====================================options=====================================
parsers: ["flow", "babel"]
printWidth: 80
trailingComma: "all"
                                                                                | printWidth
=====================================input======================================
// @flow

const f = ({}: MyVeryVeryVeryVeryVeryVeryVeryVeryVeryVeryVeryVeryVeryVeryLongType) => {};
function g({}: Foo) {}

=====================================output=====================================
// @flow

const f = ({}: MyVeryVeryVeryVeryVeryVeryVeryVeryVeryVeryVeryVeryVeryVeryLongType) => {};
function g({}: Foo) {}

================================================================================
`;

exports[`param.js format 1`] = `
====================================options=====================================
parsers: ["flow", "babel"]
printWidth: 80
                                                                                | printWidth
=====================================input======================================
// @flow

const f = ({}: MyVeryVeryVeryVeryVeryVeryVeryVeryVeryVeryVeryVeryVeryVeryLongType) => {};
function g({}: Foo) {}

=====================================output=====================================
// @flow

const f = ({}: MyVeryVeryVeryVeryVeryVeryVeryVeryVeryVeryVeryVeryVeryVeryLongType) => {};
function g({}: Foo) {}

================================================================================
`;
