// Jest Snapshot v1, https://goo.gl/fbAQLP

exports[`comments.js format 1`] = `
====================================options=====================================
parsers: ["flow", "babel"]
printWidth: 80
                                                                                | printWidth
=====================================input======================================
// @flow

type X1 = {...Y/**/};
type X2 = {/**/...Y};

=====================================output=====================================
// @flow

type X1 = { ...Y /**/ };
type X2 = { /**/ ...Y };

================================================================================
`;
