// Jest Snapshot v1, https://goo.gl/fbAQLP

exports[`css-comment-like-stings.js 1`] = `
====================================options=====================================
parsers: ["babel", "flow", "typescript"]
printWidth: 80
                                                                                | printWidth
=====================================input======================================
// double quoted '//'
css\`
[href*="//"]{\${a}}
\`

// single quoted '//'
css\`
[href*='//']{\${a}}
\`

// escaped quotes
css\`
[href*='//\\'']{\${a}}
\`

// in url()
css\`
a {background: url(//example.com);\${a};}
\`

// prettier-ignore like comment
css\`
a {content: "// prettier-ignore";\${a};}
\`

// prettier-ignore like comment
css\`
a{content: "/* prettier-ignore */";\${a}}
\`

// actual URL
css\`
[href="https://example.com"]{\${a}}
\`

// quoted '/**/'
css\`
         a{
content: "/* ";
content: " */";
\${a}
}
\`
=====================================output=====================================
// double quoted '//'
css\`
  [href*="//"] {
    \${a}
  }
\`;

// single quoted '//'
css\`
  [href*='//'] {
    \${a}
  }
\`;

// escaped quotes
css\`
  [href*='//\\''] {
    \${a}
  }
\`;

// in url()
css\`
  a {
    background: url(//example.com);
    \${a};
  }
\`;

// prettier-ignore like comment
css\`
  a {
    content: "// prettier-ignore";
    \${a};
  }
\`;

// prettier-ignore like comment
css\`
  a {
    content: "/* prettier-ignore */";
    \${a}
  }
\`;

// actual URL
css\`
  [href="https://example.com"] {
    \${a}
  }
\`;

// quoted '/**/'
css\`
  a {
    content: "/* ";
    content: " */";
    \${a}
  }
\`;

================================================================================
`;

exports[`css-ignore.js 1`] = `
====================================options=====================================
parsers: ["babel", "flow", "typescript"]
printWidth: 80
                                                                                | printWidth
=====================================input======================================
css\`
/* prettier-ignore */
this{line:should;be:\${ugly}}
\`

css\`
this{line:should;be:\${pretty}}

/* prettier-ignore */
this{line:should;be:\${ugly}}

this{line:should;be:\${pretty}}
\`

// css don't support inline comment of \`prettier-ignore\`
css\`
this{line:should;be:\${pretty}} // prettier-ignore
\`
css\`
this{line:should;be:\${pretty}}

this{line:should;be:\${pretty}} // prettier-ignore
\`
=====================================output=====================================
css\`
  /* prettier-ignore */
  this{line:should;be:\${ugly}}
\`;

css\`
  this {
    line: should;
    be: \${pretty};
  }

  /* prettier-ignore */
  this{line:should;be:\${ugly}}

  this {
    line: should;
    be: \${pretty};
  }
\`;

// css don't support inline comment of \`prettier-ignore\`
css\`
  this {
    line: should;
    be: \${pretty};
  } // prettier-ignore
\`;
css\`
  this {
    line: should;
    be: \${pretty};
  }

  this {
    line: should;
    be: \${pretty};
  } // prettier-ignore
\`;

================================================================================
`;

exports[`css-in-at-rule.js 1`] = `
====================================options=====================================
parsers: ["babel", "flow", "typescript"]
printWidth: 80
                                                                                | printWidth
=====================================input======================================
// name
css\`
         @foo\${exp}bar (min-width: 100px) {div {}}
\`;
css\`
         @\${exp}bar (min-width: 100px) {div {}}
\`;
css\`
         @foo\${exp} (min-width: 100px) {div {}}
\`;

// prop
css\`
         @media (foo\${exp}bar: 100px) {div {}}
\`;
css\`
         @media (\${exp}bar: 100px) {div {}}
\`;
css\`
         @media (foo\${exp}: 100px) {div {}}
\`;

// value
css\`
         @media (min-width: foo\${exp}bar) {div {}}
\`;
css\`
         @media (min-width: \${exp}bar) {div {}}
\`;
css\`
         @media (min-width: foo\${exp}) {div {}}
\`;

// condition
css\`
         @media (foo\${exp}bar) {div {}}
\`;
css\`
         @media (\${exp}bar) {div {}}
\`;
css\`
         @media (foo\${exp}) {div {}}
\`;

=====================================output=====================================
// name
css\`
  @foo\${exp}bar (min-width: 100px) {
    div {
    }
  }
\`;
css\`
  @\${exp}bar (min-width: 100px) {
    div {
    }
  }
\`;
css\`
  @foo\${exp} (min-width: 100px) {
    div {
    }
  }
\`;

// prop
css\`
  @media (foo\${exp}bar: 100px) {
    div {
    }
  }
\`;
css\`
  @media (\${exp}bar: 100px) {
    div {
    }
  }
\`;
css\`
  @media (foo\${exp}: 100px) {
    div {
    }
  }
\`;

// value
css\`
  @media (min-width: foo\${exp}bar) {
    div {
    }
  }
\`;
css\`
  @media (min-width: \${exp}bar) {
    div {
    }
  }
\`;
css\`
  @media (min-width: foo\${exp}) {
    div {
    }
  }
\`;

// condition
css\`
  @media (foo\${exp}bar) {
    div {
    }
  }
\`;
css\`
  @media (\${exp}bar) {
    div {
    }
  }
\`;
css\`
  @media (foo\${exp}) {
    div {
    }
  }
\`;

================================================================================
`;

exports[`css-in-comment.js 1`] = `
====================================options=====================================
parsers: ["babel", "flow", "typescript"]
printWidth: 80
                                                                                | printWidth
=====================================input======================================
//  block comment
css\`
         foo{/*\${a}*/}
\`;

// inline comment
css\`
         foo{
foo:bar;
//\${a}
foo:bar;
}
\`;
=====================================output=====================================
//  block comment
css\`
  foo {
    /*\${a}*/
  }
\`;

// inline comment
css\`
  foo {
    foo: bar;
    // \${a}
    foo: bar;
  }
\`;

================================================================================
`;

exports[`css-in-declare.js 1`] = `
====================================options=====================================
parsers: ["babel", "flow", "typescript"]
printWidth: 80
                                                                                | printWidth
=====================================input======================================
// prop
css\`
         a {foo\${exp}bar: 1;}
\`;
css\`
         a {\${exp}bar: 1;}
\`;
css\`
         a {foo\${exp}: 1;}
\`;

// value
css\`
         a {a: foo\${exp}bar;}
\`;
css\`
         a {a: \${exp}bar;}
\`;
css\`
         a {a: foo\${exp};}
\`;

// should insert semi
css\`
         a {a: foo\${exp}}
\`;
// should remove extra semi
css\`
         a {a: foo\${exp};;}
         a {a: foo\${exp};
;}
\`;

=====================================output=====================================
// prop
css\`
  a {
    foo\${exp}bar: 1;
  }
\`;
css\`
  a {
    \${exp}bar: 1;
  }
\`;
css\`
  a {
    foo\${exp}: 1;
  }
\`;

// value
css\`
  a {
    a: foo\${exp}bar;
  }
\`;
css\`
  a {
    a: \${exp}bar;
  }
\`;
css\`
  a {
    a: foo\${exp};
  }
\`;

// should insert semi
css\`
  a {
    a: foo\${exp};
  }
\`;
// should remove extra semi
css\`
  a {
    a: foo\${exp};
  }
  a {
    a: foo\${exp};
  }
\`;

================================================================================
`;

exports[`css-in-selector.js 1`] = `
====================================options=====================================
parsers: ["babel", "flow", "typescript"]
printWidth: 80
                                                                                | printWidth
=====================================input======================================
// tag selector
css\`
         foo\${exp}bar {}
\`;
css\`
         \${exp}bar {}
\`;
css\`
         foo\${exp} {}
\`;

// id selector
css\`
         #foo\${exp}bar {}
\`;
css\`
         #\${exp}bar {}
\`;
css\`
         #\${exp}bar {}
\`;

// class selector
css\`
         .foo\${exp}bar {}
\`;
css\`
         .\${exp}bar {}
\`;
css\`
         .\${exp}bar {}
\`;

// attribute name
css\`
         [foo\${exp}bar] {}
\`;
css\`
         [\${exp}bar] {}
\`;
css\`
         [foo\${exp}] {}
\`;

// attribute value
css\`
         [a^=foo\${exp}bar] {}
\`;
css\`
         [a^=\${exp}bar] {}
\`;
css\`
         [a^=foo\${exp}] {}
\`;

=====================================output=====================================
// tag selector
css\`
  foo\${exp}bar {
  }
\`;
css\`
  \${exp}bar {
  }
\`;
css\`
  foo\${exp} {
  }
\`;

// id selector
css\`
  #foo\${exp}bar {
  }
\`;
css\`
  #\${exp}bar {
  }
\`;
css\`
  #\${exp}bar {
  }
\`;

// class selector
css\`
  .foo\${exp}bar {
  }
\`;
css\`
  .\${exp}bar {
  }
\`;
css\`
  .\${exp}bar {
  }
\`;

// attribute name
css\`
  [foo\${exp}bar] {
  }
\`;
css\`
  [\${exp}bar] {
  }
\`;
css\`
  [foo\${exp}] {
  }
\`;

// attribute value
css\`
  [a^="foo\${exp}bar"] {
  }
\`;
css\`
  [a^="\${exp}bar"] {
  }
\`;
css\`
  [a^="foo\${exp}"] {
  }
\`;

================================================================================
`;

exports[`css-orphan.js 1`] = `
====================================options=====================================
parsers: ["babel", "flow", "typescript"]
printWidth: 80
                                                                                | printWidth
=====================================input======================================

// as part
css\`
         a {
@foo\${exp}bar;
--foo\${exp}bar;
_foo\${exp}bar;
FOO\${exp}bar;
foo1\${exp}bar;
     }
\`;

css\`a {foo\${exp}bar;}\`;
css\`a {\${exp}bar;}\`;
css\`a {foo\${exp};}\`;


// keep semicolon as it is
css\`a {\${exp};}\`;
css\`a {\${exp}}\`;

// many
css\`a {
\${exp}
\${exp};
      }
\`;
css\`a {
\${exp}

\${exp};
      }
\`;
css\`a {\${exp}\${exp};
     }
\`;
css\`a {\${exp} \${exp};
     }
\`;
css\`a {\${exp} ;\${exp};
     }
\`;

// comments

// inline-comment
css\`
         a {
// comment
          \${exp}
}
\`;
css\`
         a {
          \${exp}
        // comment
}
\`;

// block-comment
css\`
         a {
/*comment*/
          \${exp}
}
\`;
css\`
         a {
          \${exp}
        /*comment
*/
}
\`;
css\`
         a {
/*comment
*/
          \${exp}
        /*comment
*/
}
\`;

// inside-comment(before)
css\`
         a {
/*comment\${a}
*/
          \${exp}
}
\`;
css\`
         a {
          \${exp}
        /*comment\${b}
*/
}
\`;
css\`
         a {
// comment
          \${exp}
        // comment
}
\`;
css\`
         a {
/*comment\${a}
*/
          \${exp}
        /*comment\${b}
*/
}
\`;

// should not crush
css\`\${a}\${b}\${c}\${d}\${e}\${f}
// comment
\${g}//comment
\${h}/*comment*/;
         \${i};\${j}\${k}\${l}\${m}\${n}\${o}\${p}\${q}\${r}\${s}\${t}\${u}\${v}\${w}\${x}\${y}
// comment
\${z}\`;
=====================================output=====================================
// as part
css\`
  a {
    @foo\${exp}bar;
    --foo\${exp}bar;
    _foo\${exp}bar;
    FOO\${exp}bar;
    foo1\${exp}bar;
  }
\`;

css\`
  a {
    foo\${exp}bar;
  }
\`;
css\`
  a {
    \${exp}bar;
  }
\`;
css\`
  a {
    foo\${exp};
  }
\`;

// keep semicolon as it is
css\`
  a {
    \${exp};
  }
\`;
css\`
  a {
    \${exp}
  }
\`;

// many
css\`
  a {
    \${exp}
    \${exp};
  }
\`;
css\`
  a {
    \${exp}

    \${exp};
  }
\`;
css\`
  a {
    \${exp}
    \${exp};
  }
\`;
css\`
  a {
    \${exp}
    \${exp};
  }
\`;
css\`
  a {
    \${exp};
    \${exp};
  }
\`;

// comments

// inline-comment
css\`
  a {
    // comment
    \${exp}
  }
\`;
css\`
  a {
    \${exp}
    // comment
  }
\`;

// block-comment
css\`
  a {
    /*comment*/
    \${exp}
  }
\`;
css\`
  a {
    \${exp}
    /*comment
*/
  }
\`;
css\`
  a {
    /*comment
*/
    \${exp}
    /*comment
*/
  }
\`;

// inside-comment(before)
css\`
  a {
    /*comment\${a}
*/
    \${exp}
  }
\`;
css\`
  a {
    \${exp}
    /*comment\${b}
*/
  }
\`;
css\`
  a {
    // comment
    \${exp}
    // comment
  }
\`;
css\`
  a {
    /*comment\${a}
*/
    \${exp}
    /*comment\${b}
*/
  }
\`;

// should not crush
css\`
  \${a}
  \${b}
  \${c}
  \${d}
  \${e}
  \${f}
  // comment
  \${g} //comment
  \${h} /*comment*/;
  \${i};
  \${j}
  \${k}
  \${l}
  \${m}
  \${n}
  \${o}
  \${p}
  \${q}
  \${r}
  \${s}
  \${t}
  \${u}
  \${v}
  \${w}
  \${x}
  \${y}
  // comment
  \${z}
\`;

================================================================================
`;

exports[`css-prop.js 1`] = `
====================================options=====================================
parsers: ["babel", "flow", "typescript"]
printWidth: 80
                                                                                | printWidth
=====================================input======================================
function SomeComponent (props) {
  // Create styles as if you're calling css and the class will be applied to the component
  return (<div css={\`
    color: blue;
    font-size: 17 px;

    &:hover {
      color: green;
    }

    & .some-class {
      font-size: 20px;
    }
  \`}>
    This will be blue until hovered.
    <div className="some-class">
      This font size will be 20px
    </div>
  </div>)
}

const TestComponent = ({ children, ...props }) => (
  <div css={\`color: white; background: black\`}>
    {children}
  </div>
);

=====================================output=====================================
function SomeComponent(props) {
  // Create styles as if you're calling css and the class will be applied to the component
  return (
    <div
      css={\`
        color: blue;
        font-size: 17 px;

        &:hover {
          color: green;
        }

        & .some-class {
          font-size: 20px;
        }
      \`}
    >
      This will be blue until hovered.
      <div className="some-class">This font size will be 20px</div>
    </div>
  );
}

const TestComponent = ({ children, ...props }) => (
  <div
    css={\`
      color: white;
      background: black;
    \`}
  >
    {children}
  </div>
);

================================================================================
`;

exports[`expressions.js 1`] = `
====================================options=====================================
parsers: ["babel", "flow", "typescript"]
printWidth: 80
                                                                                | printWidth
=====================================input======================================
const long1 = \`long \${a//comment
  .b} long longlong \${a.b.c.d.e} long longlong \${a.b.c.d.e} long longlong \${a.b.c.d.e} long long\`;
const long2 = \`long \${a.b.c.d.e} long longlong \${loooooooooooooooooong} long longlong \${loooooooooooooooooong} long longlong \${loooooooooooooooooong} long long\`;

const long3 = \`long long long long long long long long long long long \${a.b.c.d.e} long long long long long long long long long long long long long\`;

const description =
  \`The value of the \${cssName} css of the \${this._name} element\`;

const foo = \`such a long template string \${foo.bar.baz} that prettier will want to wrap it\`;

const shouldWrapForNow = \`such a long template string \${foo().bar.baz} that prettier will want to wrap it\`;

const shouldNotWrap = \`simple expressions should not break \${this} \${variable} \${a.b.c} \${this.b.c} \${a[b].c} \${a.b[c]} \${a.b['c']} \${a?.b?.c}\`;

console.log(chalk.white(\`Covered Lines below threshold: \${coverageSettings.lines}%. Actual: \${coverageSummary.total.lines.pct}%\`))

x = \`mdl-textfield mdl-js-textfield \${className} \${content.length > 0
  ? 'is-dirty'
  : ''} combo-box__input\`

function testing() {
  const p = {};
  // faking some tabs since I can't paste my real code in
  if(true) {
    if(false) {
      return \`\${process.env.OPENID_URL}/something/something/something?\${Object.keys(p)
        .map(k => \`\${encodeURIComponent(k)}=\${encodeURIComponent(p[k])}\`)
        .join("&")}\`;
    }
  }
}

console.log(
  \`Trying update appcast for \${app.name} (\${app.cask.appcast}) -> (\${app.cask.appcastGenerated})\`
)

console.log(\`brew cask audit --download \${_.map(definitions, 'caskName').join(' ')}\`)

console.log(\`\\nApparently jetbrains changed the release artifact for \${app.name}@\${app.jetbrains.version}.\\n\`);

descirbe('something', () => {
  test(\`{pass: false} expect(\${small}).toBeGreaterThanOrEqual(\${big})\`, () => {});
})

throw new Error(\`pretty-format: Option "theme" has a key "\${key}" whose value "\${value}" is undefined in ansi-styles.\`,)

=====================================output=====================================
const long1 = \`long \${
  a.b //comment
} long longlong \${a.b.c.d.e} long longlong \${a.b.c.d.e} long longlong \${
  a.b.c.d.e
} long long\`;
const long2 = \`long \${a.b.c.d.e} long longlong \${loooooooooooooooooong} long longlong \${loooooooooooooooooong} long longlong \${loooooooooooooooooong} long long\`;

const long3 = \`long long long long long long long long long long long \${a.b.c.d.e} long long long long long long long long long long long long long\`;

const description = \`The value of the \${cssName} css of the \${this._name} element\`;

const foo = \`such a long template string \${foo.bar.baz} that prettier will want to wrap it\`;

const shouldWrapForNow = \`such a long template string \${
  foo().bar.baz
} that prettier will want to wrap it\`;

const shouldNotWrap = \`simple expressions should not break \${this} \${variable} \${a.b.c} \${this.b.c} \${a[b].c} \${a.b[c]} \${a.b["c"]} \${a?.b?.c}\`;

console.log(
  chalk.white(
    \`Covered Lines below threshold: \${coverageSettings.lines}%. Actual: \${coverageSummary.total.lines.pct}%\`
  )
);

x = \`mdl-textfield mdl-js-textfield \${className} \${
  content.length > 0 ? "is-dirty" : ""
} combo-box__input\`;

function testing() {
  const p = {};
  // faking some tabs since I can't paste my real code in
  if (true) {
    if (false) {
      return \`\${
        process.env.OPENID_URL
      }/something/something/something?\${Object.keys(p)
        .map(k => \`\${encodeURIComponent(k)}=\${encodeURIComponent(p[k])}\`)
        .join("&")}\`;
    }
  }
}

console.log(
  \`Trying update appcast for \${app.name} (\${app.cask.appcast}) -> (\${app.cask.appcastGenerated})\`
);

console.log(
  \`brew cask audit --download \${_.map(definitions, "caskName").join(" ")}\`
);

console.log(
  \`\\nApparently jetbrains changed the release artifact for \${app.name}@\${app.jetbrains.version}.\\n\`
);

descirbe("something", () => {
  test(\`{pass: false} expect(\${small}).toBeGreaterThanOrEqual(\${big})\`, () => {});
});

throw new Error(
  \`pretty-format: Option "theme" has a key "\${key}" whose value "\${value}" is undefined in ansi-styles.\`
);

================================================================================
`;

exports[`styled-components-with-expressions.js 1`] = `
====================================options=====================================
parsers: ["babel", "flow", "typescript"]
printWidth: 80
                                                                                | printWidth
=====================================input======================================
const Button = styled.a\`
/* Comment */
	display: \${props=>props.display};
\`;

styled.div\`
	display: \${props=>props.display};
	border: \${props=>props.border}px;
	margin: 10px \${props=>props.border}px ;
\`;

const EqualDivider = styled.div\`
margin: 0.5rem;
		padding: 1rem;
	background: papayawhip    ;

	> * {
	flex: 1;

	&:not(:first-child) {
			\${props => props.vertical ? 'margin-top' : 'margin-left'}: 1rem;
		}
	}
\`;

const header = css\`
.top-bar {background:black;
margin: 0;
    position: fixed;
	top: 0;left:0;
	width: 100%;
    text-align: center     ;
	padding: 15px  0  0  1em;
		z-index: 9999;
}

.top-bar .logo {
  height: 30px;
  margin: auto; 
    position: absolute;
	left: 0;right: 0;
}
\`;

// #6259 #4520
styled.div\`
         \${expr}:not(:first-child) {
    // should not add space after :not
}
         \${expr}[checked] {
    // should not add space before [
}
  margin: 0;.input {}
\`

// #5465 #5614
css\`
         prop: var(--foo--\${expr});
background-color: var(--\${props => props.color});
\`

// #5219
css\`
         src: "\${expr}";
\`;

// #6392
styled(_A)\`
         \${B}, \${C} {}
\`

// #5961
styled.div\`
         @media (min-width: 1px) {
\${Step}:nth-child(odd) {
// should not add space after :nth-child
}
}
\`;

// #4355
styled.div\`
         border: 1px solid \${({active}) => active ? themeColor.active : themeColor.inactive};
\`

// #2350
styled.div\`
         display: block;
  \${props => props.rounded && 'border-radius: 5px;'}
\`;

// #2883
css\`
&.foo .\${bar}::before,&.foo[value="hello"] .\${bar}::before {
  position: absolute;
}
\`;
=====================================output=====================================
const Button = styled.a\`
  /* Comment */
  display: \${props => props.display};
\`;

styled.div\`
  display: \${props => props.display};
  border: \${props => props.border}px;
  margin: 10px \${props => props.border}px;
\`;

const EqualDivider = styled.div\`
  margin: 0.5rem;
  padding: 1rem;
  background: papayawhip;

  > * {
    flex: 1;

    &:not(:first-child) {
      \${props => (props.vertical ? "margin-top" : "margin-left")}: 1rem;
    }
  }
\`;

const header = css\`
  .top-bar {
    background: black;
    margin: 0;
    position: fixed;
    top: 0;
    left: 0;
    width: 100%;
    text-align: center;
    padding: 15px 0 0 1em;
    z-index: 9999;
  }

  .top-bar .logo {
    height: 30px;
    margin: auto;
    position: absolute;
    left: 0;
    right: 0;
  }
\`;

// #6259 #4520
styled.div\`
  \${expr}:not(:first-child) {
    // should not add space after :not
  }
  \${expr}[checked] {
    // should not add space before [
  }
  margin: 0;
  .input {
  }
\`;

// #5465 #5614
css\`
  prop: var(--foo--\${expr});
  background-color: var(--\${props => props.color});
\`;

// #5219
css\`
  src: "\${expr}";
\`;

// #6392
styled(_A)\`
  \${B},
  \${C} {
  }
\`;

// #5961
styled.div\`
  @media (min-width: 1px) {
    \${Step}:nth-child(odd) {
      // should not add space after :nth-child
    }
  }
\`;

// #4355
styled.div\`
  border: 1px solid \${({ active }) =>
      active ? themeColor.active : themeColor.inactive};
\`;

// #2350
styled.div\`
  display: block;
  \${props => props.rounded && "border-radius: 5px;"}
\`;

// #2883
css\`
  &.foo .\${bar}::before,
  &.foo[value="hello"] .\${bar}::before {
    position: absolute;
  }
\`;

================================================================================
`;

exports[`styled-jsx.js 1`] = `
====================================options=====================================
parsers: ["babel", "flow", "typescript"]
printWidth: 80
                                                                                | printWidth
=====================================input======================================
<style jsx>{\`
	/* a comment */
	div :global(.react-select) {
		color: red; display: none
	}
\`}</style>;

<div>
<style jsx>{\`
	/* a comment */
div :global(.react-select) {
color: red; display: none
}\`}</style>
</div>;

<div>
<style jsx>{\`div{color:red}\`}</style>
</div>;

<div>
<style jsx>{\`This is invalid css. 
      Shouldn't fail.
            Shouldn't be formatted.\`}</style>
</div>;

const header = css\`
.top-bar {background:black;
margin: 0;
    position: fixed;
	top: 0;left:0;
	width: 100%;
    text-align: center     ;
	padding: 15px  0  0  1em;
		z-index: 9999;
}

.top-bar .logo {
  height: 30px;
  margin: auto; 
    position: absolute;
	left: 0;right: 0;
}
\`;

const headerResolve = css.resolve\`
.top-bar {background:black;
margin: 0;
    position: fixed;
	top: 0;left:0;
	width: 100%;
    text-align: center     ;
	padding: 15px  0  0  1em;
		z-index: 9999;
}

.top-bar .logo {
  height: 30px;
  margin: auto; 
    position: absolute;
	left: 0;right: 0;
}
\`;

const headerGlobal = css.global\`
.top-bar {background:black;
margin: 0;
    position: fixed;
	top: 0;left:0;
	width: 100%;
    text-align: center     ;
	padding: 15px  0  0  1em;
		z-index: 9999;
}

.top-bar .logo {
  height: 30px;
  margin: auto; 
    position: absolute;
	left: 0;right: 0;
}
\`;

=====================================output=====================================
<style jsx>{\`
  /* a comment */
  div :global(.react-select) {
    color: red;
    display: none;
  }
\`}</style>;

<div>
  <style jsx>{\`
    /* a comment */
    div :global(.react-select) {
      color: red;
      display: none;
    }
  \`}</style>
</div>;

<div>
  <style jsx>{\`
    div {
      color: red;
    }
  \`}</style>
</div>;

<div>
  <style jsx>{\`This is invalid css. 
      Shouldn't fail.
            Shouldn't be formatted.\`}</style>
</div>;

const header = css\`
  .top-bar {
    background: black;
    margin: 0;
    position: fixed;
    top: 0;
    left: 0;
    width: 100%;
    text-align: center;
    padding: 15px 0 0 1em;
    z-index: 9999;
  }

  .top-bar .logo {
    height: 30px;
    margin: auto;
    position: absolute;
    left: 0;
    right: 0;
  }
\`;

const headerResolve = css.resolve\`
  .top-bar {
    background: black;
    margin: 0;
    position: fixed;
    top: 0;
    left: 0;
    width: 100%;
    text-align: center;
    padding: 15px 0 0 1em;
    z-index: 9999;
  }

  .top-bar .logo {
    height: 30px;
    margin: auto;
    position: absolute;
    left: 0;
    right: 0;
  }
\`;

const headerGlobal = css.global\`
  .top-bar {
    background: black;
    margin: 0;
    position: fixed;
    top: 0;
    left: 0;
    width: 100%;
    text-align: center;
    padding: 15px 0 0 1em;
    z-index: 9999;
  }

  .top-bar .logo {
    height: 30px;
    margin: auto;
    position: absolute;
    left: 0;
    right: 0;
  }
\`;

================================================================================
`;

exports[`styled-jsx-with-expressions.js 1`] = `
====================================options=====================================
parsers: ["babel", "flow", "typescript"]
printWidth: 80
                                                                                | printWidth
=====================================input======================================
<style jsx>{\`
  div {
  display: \${expr};
    color: \${expr};
    \${expr};
    \${expr};
    background: red;
  animation: \${expr} 10s ease-out;
  }
  @media (\${expr}) {
   div.\${expr} {
    color: red;
   }
  \${expr} {
    color: red;
  }
  }
  @media (min-width: \${expr}) {
   div.\${expr} {
    color: red;
   }
  all\${expr} {
    color: red;
  }
  }
         @font-face {
\${expr}
}
\`}</style>;

<style jsx>{\`
  div {
  animation: linear \${seconds}s ease-out;
  }
\`}</style>;

<style jsx>{\`
  div {
  animation: 3s ease-in 1s \${foo => foo.getIterations()} reverse both paused slidein;
  }
\`}</style>;

// #5886
<style jsx>{\`
         .class{
flex-direction: column\${long_cond && long_cond && long_cond ? "-reverse" : ""};
}
\`}</style>

=====================================output=====================================
<style jsx>{\`
  div {
    display: \${expr};
    color: \${expr};
    \${expr};
    \${expr};
    background: red;
    animation: \${expr} 10s ease-out;
  }
  @media (\${expr}) {
    div.\${expr} {
      color: red;
    }
    \${expr} {
      color: red;
    }
  }
  @media (min-width: \${expr}) {
    div.\${expr} {
      color: red;
    }
    all\${expr} {
      color: red;
    }
  }
  @font-face {
    \${expr}
  }
\`}</style>;

<style jsx>{\`
  div {
    animation: linear \${seconds}s ease-out;
  }
\`}</style>;

<style jsx>{\`
  div {
    animation: 3s ease-in 1s \${foo => foo.getIterations()} reverse both paused
      slidein;
  }
\`}</style>;

// #5886
<style jsx>{\`
  .class {
    flex-direction: column\${long_cond && long_cond && long_cond
      ? "-reverse"
      : ""};
  }
\`}</style>;

================================================================================
`;
