// Jest Snapshot v1, https://goo.gl/fbAQLP

exports[`maybe_return.js format 1`] = `
====================================options=====================================
parsers: ["flow", "babel"]
printWidth: 80
                                                                                | printWidth
=====================================input======================================
// @flow

function getScaledData({x}): ?{foo: number} {}

=====================================output=====================================
// @flow

function getScaledData({ x }): ?{ foo: number } {}

================================================================================
`;
