// Jest Snapshot v1, https://goo.gl/fbAQLP

exports[`constructor-field-override.js format 1`] = `
====================================options=====================================
parsers: ["babel"]
printWidth: 80
                                                                                | printWidth
=====================================input======================================
// @flow

// https://github.com/prettier/prettier/issues/1481
class Foo {
  constructor: () => this;
}

=====================================output=====================================
// @flow

// https://github.com/prettier/prettier/issues/1481
class Foo {
  constructor: () => this;
}

================================================================================
`;
