// Jest Snapshot v1, https://goo.gl/fbAQLP

exports[`empty.js 1`] = `
====================================options=====================================
parsers: ["babel", "flow", "typescript"]
printWidth: 80
                                                                                | printWidth
=====================================input======================================


=====================================output=====================================

================================================================================
`;

exports[`many-semicolons.js 1`] = `
====================================options=====================================
parsers: ["babel", "flow", "typescript"]
printWidth: 80
                                                                                | printWidth
=====================================input======================================
;;
;

=====================================output=====================================

================================================================================
`;

exports[`semicolon.js 1`] = `
====================================options=====================================
parsers: ["babel", "flow", "typescript"]
printWidth: 80
                                                                                | printWidth
=====================================input======================================
;

=====================================output=====================================

================================================================================
`;
