// Jest Snapshot v1, https://goo.gl/fbAQLP

exports[`type.js format 1`] = `
====================================options=====================================
parsers: ["flow", "babel"]
printWidth: 80
                                                                                | printWidth
=====================================input======================================
// @flow

export type * from "module";

=====================================output=====================================
// @flow

export type * from "module";

================================================================================
`;
