// Jest Snapshot v1, https://goo.gl/fbAQLP

exports[`comments.js format 1`] = `
====================================options=====================================
parsers: ["babel", "typescript"]
printWidth: 80
                                                                                | printWidth
=====================================input======================================
// @flow

class Something {
    @Annotateme()
    // comment
    static property: Array<string>;
}

=====================================output=====================================
// @flow

class Something {
  @Annotateme()
  // comment
  static property: Array<string>;
}

================================================================================
`;
